../Core/Src/ldc_hd44780.c:16:13:time_delay	24	static
../Core/Src/ldc_hd44780.c:21:13:lcd_enable	16	static
../Core/Src/ldc_hd44780.c:26:13:lcd_disable	16	static
../Core/Src/ldc_hd44780.c:31:13:set_RW	16	static
../Core/Src/ldc_hd44780.c:35:13:set_RS	16	static
../Core/Src/ldc_hd44780.c:41:6:lcd_setup	16	static
../Core/Src/ldc_hd44780.c:49:6:lcd_set_ports	16	static
../Core/Src/ldc_hd44780.c:55:6:RCC_SET	16	static
../Core/Src/ldc_hd44780.c:70:6:lcd_send_bit	16	static
../Core/Src/ldc_hd44780.c:79:6:lcd_send_byte	24	static
../Core/Src/ldc_hd44780.c:97:6:lcd_init	8	static
../Core/Src/ldc_hd44780.c:106:6:lcd_entry_increment	8	static
../Core/Src/ldc_hd44780.c:110:6:lcd_on	8	static
../Core/Src/ldc_hd44780.c:114:6:lcd_off	8	static
../Core/Src/ldc_hd44780.c:118:6:lcd_clear	8	static
../Core/Src/ldc_hd44780.c:122:6:lcd_write_char	16	static
../Core/Src/ldc_hd44780.c:126:6:lcd_write_str	16	static
../Core/Src/ldc_hd44780.c:134:5:lcd_set_cursor	16	static
