../Core/Src/ldc_hd44780.c:4:13:time_delay	24	static
../Core/Src/ldc_hd44780.c:9:6:lcd_setup	16	static
../Core/Src/ldc_hd44780.c:17:6:lcd_set_ports	8	static
../Core/Src/ldc_hd44780.c:31:6:RCC_SET	16	static
../Core/Src/ldc_hd44780.c:46:13:lcd_enable	16	static
../Core/Src/ldc_hd44780.c:51:13:lcd_disable	16	static
../Core/Src/ldc_hd44780.c:56:13:set_RW	16	static
../Core/Src/ldc_hd44780.c:60:13:set_RS	16	static
../Core/Src/ldc_hd44780.c:64:6:lcd_send_bit	16	static
../Core/Src/ldc_hd44780.c:73:6:lcd_send_byte	24	static
../Core/Src/ldc_hd44780.c:96:6:lcd_init	8	static
../Core/Src/ldc_hd44780.c:105:6:lcd_on	8	static
../Core/Src/ldc_hd44780.c:109:6:lcd_off	8	static
../Core/Src/ldc_hd44780.c:113:6:lcd_clear	8	static
../Core/Src/ldc_hd44780.c:117:6:lcd_write_char	16	static
../Core/Src/ldc_hd44780.c:121:6:lcd_write_str	16	static
